// Vitest Snapshot v1, https://vitest.dev/guide/snapshot.html

exports[`TopTodo component  > Matches snapshot 1`] = `
<div>
  <div
    class="Todo"
  >
    <div>
      <b>
        Test Title1
      </b>
       
      <small>
        (priority: 
        1
        )
      </small>
    </div>
    <div>
      <small>
        Test Description1
      </small>
    </div>
  </div>
</div>
`;
